[+] Containers:
 |- [+] Container: /Game/NewMap1
 |   |- [+] ActorDescs:
 |   |   |- Guid:0EBF076A4C68A309349DCF936843F713 NativeClass:/Script/CesiumRuntime.CesiumSunSky Name:CesiumSunSky_UAID_0A0027000003A24D02_1657924327 Label:CesiumSunSky SpatiallyLoaded:false EditorBounds:IsValid=true, Min=(X=-4398046511104.000 Y=-4398046511104.000 Z=-4398046511104.000), Max=(X=4398046511104.000 Y=4398046511104.000 Z=4398046511104.000) RuntimeBounds:IsValid=true, Min=(X=-4398046511104.000 Y=-4398046511104.000 Z=-4398046511104.000), Max=(X=4398046511104.000 Y=4398046511104.000 Z=4398046511104.000) RuntimeGrid:None EditorOnly:false RuntimeOnly:false HLODRelevant:false ListedInSceneOutliner:true IsMainWorldOnly:false Parent:46FD2F2347E4B58A5DF7D7AD9568B733
 |   |   |- Guid:1AAD891A4CD8814049C84EA98AD2334F NativeClass:/Script/Engine.WorldDataLayers Name:WorldDataLayers Label:WorldDataLayers SpatiallyLoaded:false EditorBounds:IsValid=false, Min=(X=0.000 Y=0.000 Z=0.000), Max=(X=0.000 Y=0.000 Z=0.000) RuntimeBounds:IsValid=false, Min=(X=0.000 Y=0.000 Z=0.000), Max=(X=0.000 Y=0.000 Z=0.000) RuntimeGrid:None EditorOnly:false RuntimeOnly:false HLODRelevant:false ListedInSceneOutliner:true IsMainWorldOnly:true
 |   |   |- Guid:3BE120094FA2BDE274F2DE816A3E3685 NativeClass:/Script/CesiumRuntime.CesiumCartographicPolygon Name:CesiumCartographicPolygon_UAID_0A0027000003A24D02_1653340325 Label:CesiumCartographicPolygon SpatiallyLoaded:false EditorBounds:IsValid=true, Min=(X=-10000.000 Y=-10000.000 Z=0.000), Max=(X=10000.000 Y=10000.000 Z=0.000) RuntimeBounds:IsValid=true, Min=(X=-10000.000 Y=-10000.000 Z=0.000), Max=(X=10000.000 Y=10000.000 Z=0.000) RuntimeGrid:None EditorOnly:false RuntimeOnly:false HLODRelevant:false ListedInSceneOutliner:true IsMainWorldOnly:false Parent:46FD2F2347E4B58A5DF7D7AD9568B733
 |   |   |- Guid:3DF9B78543DFDFE67FD39C898F2DEBE4 NativeClass:/Script/Engine.CameraActor Name:CameraActor_UAID_04E8B9FA401E9F5702_2127436352 Label:CameraActor2 SpatiallyLoaded:true EditorBounds:IsValid=true, Min=(X=446883.352 Y=108549.351 Z=-41209.537), Max=(X=449493.352 Y=111589.351 Z=-39189.537) RuntimeBounds:IsValid=true, Min=(X=447893.352 Y=109559.351 Z=-40209.537), Max=(X=449493.352 Y=111589.351 Z=-40199.537) RuntimeGrid:None EditorOnly:false RuntimeOnly:false HLODRelevant:false ListedInSceneOutliner:true IsMainWorldOnly:false
 |   |   |- Guid:46FD2F2347E4B58A5DF7D7AD9568B733 NativeClass:/Script/CesiumRuntime.CesiumGeoreference Name:CesiumGeoreference_UAID_0A0027000003A24D02_1653338324 Label:CesiumGeoreference SpatiallyLoaded:false EditorBounds:IsValid=true, Min=(X=0.000 Y=0.000 Z=0.000), Max=(X=0.000 Y=0.000 Z=0.000) RuntimeBounds:IsValid=true, Min=(X=0.000 Y=0.000 Z=0.000), Max=(X=0.000 Y=0.000 Z=0.000) RuntimeGrid:None EditorOnly:false RuntimeOnly:false HLODRelevant:false ListedInSceneOutliner:true IsMainWorldOnly:false
 |   |   |- Guid:6E8B5F264992F611AD541987CF9DDD22 BaseClass:/CesiumForUnreal/CesiumCreditSystemBP.CesiumCreditSystemBP_C NativeClass:/Script/CesiumRuntime.CesiumCreditSystem Name:CesiumCreditSystemBP_C_UAID_0A0027000003A24D02_1660195330 Label:CesiumCreditSystemBP SpatiallyLoaded:false EditorBounds:IsValid=true, Min=(X=0.000 Y=0.000 Z=0.000), Max=(X=0.000 Y=0.000 Z=0.000) RuntimeBounds:IsValid=true, Min=(X=0.000 Y=0.000 Z=0.000), Max=(X=0.000 Y=0.000 Z=0.000) RuntimeGrid:None EditorOnly:false RuntimeOnly:false HLODRelevant:false ListedInSceneOutliner:true IsMainWorldOnly:false
 |   |   |- Guid:78124F4E44E4910A4F7546BFFB0C14B9 BaseClass:/CesiumForUnreal/DynamicPawn.DynamicPawn_C NativeClass:/Script/CesiumRuntime.GlobeAwareDefaultPawn Name:DynamicPawn_C_UAID_0A0027000003A24D02_1655867326 Label:DynamicPawn SpatiallyLoaded:false EditorBounds:IsValid=true, Min=(X=-1010.000 Y=-1010.000 Z=-1010.000), Max=(X=1010.000 Y=1010.000 Z=1010.000) RuntimeBounds:IsValid=true, Min=(X=-35.000 Y=-35.000 Z=-35.000), Max=(X=35.000 Y=35.000 Z=35.000) RuntimeGrid:None EditorOnly:false RuntimeOnly:false HLODRelevant:false ListedInSceneOutliner:true IsMainWorldOnly:false Parent:46FD2F2347E4B58A5DF7D7AD9568B733
 |   |   |- Guid:BFDB34F6471211BE4AD4B7BFFD651839 NativeClass:/Script/Engine.CameraActor Name:CameraActor_UAID_04E8B9FA401E9F5702_2046991351 Label:CameraActor SpatiallyLoaded:true EditorBounds:IsValid=true, Min=(X=447843.352 Y=102739.351 Z=-42479.537), Max=(X=449863.352 Y=104759.351 Z=-40459.537) RuntimeBounds:IsValid=true, Min=(X=448853.352 Y=103749.351 Z=-41469.537), Max=(X=448853.352 Y=103749.351 Z=-41469.537) RuntimeGrid:None EditorOnly:false RuntimeOnly:false HLODRelevant:false ListedInSceneOutliner:true IsMainWorldOnly:false
 |   |   |- Guid:E2AAEAD748289A51056EB49D62B648D3 NativeClass:/Script/CesiumRuntime.Cesium3DTileset Name:Cesium3DTileset_UAID_0A0027000003A24D02_1660192328 Label:Cesium3DTileset SpatiallyLoaded:false EditorBounds:IsValid=true, Min=(X=0.000 Y=0.000 Z=0.000), Max=(X=0.000 Y=0.000 Z=0.000) RuntimeBounds:IsValid=true, Min=(X=0.000 Y=0.000 Z=0.000), Max=(X=0.000 Y=0.000 Z=0.000) RuntimeGrid:None EditorOnly:false RuntimeOnly:false HLODRelevant:false ListedInSceneOutliner:true IsMainWorldOnly:false Parent:46FD2F2347E4B58A5DF7D7AD9568B733
 |   |   |- Guid:EB93DF1040104753E7A6F1AAC8E2D62B NativeClass:/Script/CesiumRuntime.CesiumCameraManager Name:CesiumCameraManager_UAID_0A0027000003A24D02_1660193329 Label:CesiumCameraManager SpatiallyLoaded:false EditorBounds:IsValid=false, Min=(X=0.000 Y=0.000 Z=0.000), Max=(X=0.000 Y=0.000 Z=0.000) RuntimeBounds:IsValid=false, Min=(X=0.000 Y=0.000 Z=0.000), Max=(X=0.000 Y=0.000 Z=0.000) RuntimeGrid:None EditorOnly:false RuntimeOnly:false HLODRelevant:false ListedInSceneOutliner:true IsMainWorldOnly:false
 |   |- [+] Clusters:
 |   |   |- [+] [  0]
 |   |   |   |- Guid:0EBF076A4C68A309349DCF936843F713 NativeClass:/Script/CesiumRuntime.CesiumSunSky Name:CesiumSunSky_UAID_0A0027000003A24D02_1657924327 Label:CesiumSunSky SpatiallyLoaded:false EditorBounds:IsValid=true, Min=(X=-4398046511104.000 Y=-4398046511104.000 Z=-4398046511104.000), Max=(X=4398046511104.000 Y=4398046511104.000 Z=4398046511104.000) RuntimeBounds:IsValid=true, Min=(X=-4398046511104.000 Y=-4398046511104.000 Z=-4398046511104.000), Max=(X=4398046511104.000 Y=4398046511104.000 Z=4398046511104.000) RuntimeGrid:None EditorOnly:false RuntimeOnly:false HLODRelevant:false ListedInSceneOutliner:true IsMainWorldOnly:false Parent:46FD2F2347E4B58A5DF7D7AD9568B733
 |   |   |   |- Guid:3BE120094FA2BDE274F2DE816A3E3685 NativeClass:/Script/CesiumRuntime.CesiumCartographicPolygon Name:CesiumCartographicPolygon_UAID_0A0027000003A24D02_1653340325 Label:CesiumCartographicPolygon SpatiallyLoaded:false EditorBounds:IsValid=true, Min=(X=-10000.000 Y=-10000.000 Z=0.000), Max=(X=10000.000 Y=10000.000 Z=0.000) RuntimeBounds:IsValid=true, Min=(X=-10000.000 Y=-10000.000 Z=0.000), Max=(X=10000.000 Y=10000.000 Z=0.000) RuntimeGrid:None EditorOnly:false RuntimeOnly:false HLODRelevant:false ListedInSceneOutliner:true IsMainWorldOnly:false Parent:46FD2F2347E4B58A5DF7D7AD9568B733
 |   |   |   |- Guid:46FD2F2347E4B58A5DF7D7AD9568B733 NativeClass:/Script/CesiumRuntime.CesiumGeoreference Name:CesiumGeoreference_UAID_0A0027000003A24D02_1653338324 Label:CesiumGeoreference SpatiallyLoaded:false EditorBounds:IsValid=true, Min=(X=0.000 Y=0.000 Z=0.000), Max=(X=0.000 Y=0.000 Z=0.000) RuntimeBounds:IsValid=true, Min=(X=0.000 Y=0.000 Z=0.000), Max=(X=0.000 Y=0.000 Z=0.000) RuntimeGrid:None EditorOnly:false RuntimeOnly:false HLODRelevant:false ListedInSceneOutliner:true IsMainWorldOnly:false
 |   |   |   |- Guid:78124F4E44E4910A4F7546BFFB0C14B9 BaseClass:/CesiumForUnreal/DynamicPawn.DynamicPawn_C NativeClass:/Script/CesiumRuntime.GlobeAwareDefaultPawn Name:DynamicPawn_C_UAID_0A0027000003A24D02_1655867326 Label:DynamicPawn SpatiallyLoaded:false EditorBounds:IsValid=true, Min=(X=-1010.000 Y=-1010.000 Z=-1010.000), Max=(X=1010.000 Y=1010.000 Z=1010.000) RuntimeBounds:IsValid=true, Min=(X=-35.000 Y=-35.000 Z=-35.000), Max=(X=35.000 Y=35.000 Z=35.000) RuntimeGrid:None EditorOnly:false RuntimeOnly:false HLODRelevant:false ListedInSceneOutliner:true IsMainWorldOnly:false Parent:46FD2F2347E4B58A5DF7D7AD9568B733
 |   |   |   |- Guid:E2AAEAD748289A51056EB49D62B648D3 NativeClass:/Script/CesiumRuntime.Cesium3DTileset Name:Cesium3DTileset_UAID_0A0027000003A24D02_1660192328 Label:Cesium3DTileset SpatiallyLoaded:false EditorBounds:IsValid=true, Min=(X=0.000 Y=0.000 Z=0.000), Max=(X=0.000 Y=0.000 Z=0.000) RuntimeBounds:IsValid=true, Min=(X=0.000 Y=0.000 Z=0.000), Max=(X=0.000 Y=0.000 Z=0.000) RuntimeGrid:None EditorOnly:false RuntimeOnly:false HLODRelevant:false ListedInSceneOutliner:true IsMainWorldOnly:false Parent:46FD2F2347E4B58A5DF7D7AD9568B733
 |   |   |- [+] [  1]
 |   |   |   |- Guid:1AAD891A4CD8814049C84EA98AD2334F NativeClass:/Script/Engine.WorldDataLayers Name:WorldDataLayers Label:WorldDataLayers SpatiallyLoaded:false EditorBounds:IsValid=false, Min=(X=0.000 Y=0.000 Z=0.000), Max=(X=0.000 Y=0.000 Z=0.000) RuntimeBounds:IsValid=false, Min=(X=0.000 Y=0.000 Z=0.000), Max=(X=0.000 Y=0.000 Z=0.000) RuntimeGrid:None EditorOnly:false RuntimeOnly:false HLODRelevant:false ListedInSceneOutliner:true IsMainWorldOnly:true
 |   |   |- [+] [  2]
 |   |   |   |- Guid:3DF9B78543DFDFE67FD39C898F2DEBE4 NativeClass:/Script/Engine.CameraActor Name:CameraActor_UAID_04E8B9FA401E9F5702_2127436352 Label:CameraActor2 SpatiallyLoaded:true EditorBounds:IsValid=true, Min=(X=446883.352 Y=108549.351 Z=-41209.537), Max=(X=449493.352 Y=111589.351 Z=-39189.537) RuntimeBounds:IsValid=true, Min=(X=447893.352 Y=109559.351 Z=-40209.537), Max=(X=449493.352 Y=111589.351 Z=-40199.537) RuntimeGrid:None EditorOnly:false RuntimeOnly:false HLODRelevant:false ListedInSceneOutliner:true IsMainWorldOnly:false
 |   |   |- [+] [  3]
 |   |   |   |- Guid:6E8B5F264992F611AD541987CF9DDD22 BaseClass:/CesiumForUnreal/CesiumCreditSystemBP.CesiumCreditSystemBP_C NativeClass:/Script/CesiumRuntime.CesiumCreditSystem Name:CesiumCreditSystemBP_C_UAID_0A0027000003A24D02_1660195330 Label:CesiumCreditSystemBP SpatiallyLoaded:false EditorBounds:IsValid=true, Min=(X=0.000 Y=0.000 Z=0.000), Max=(X=0.000 Y=0.000 Z=0.000) RuntimeBounds:IsValid=true, Min=(X=0.000 Y=0.000 Z=0.000), Max=(X=0.000 Y=0.000 Z=0.000) RuntimeGrid:None EditorOnly:false RuntimeOnly:false HLODRelevant:false ListedInSceneOutliner:true IsMainWorldOnly:false
 |   |   |- [+] [  4]
 |   |   |   |- Guid:BFDB34F6471211BE4AD4B7BFFD651839 NativeClass:/Script/Engine.CameraActor Name:CameraActor_UAID_04E8B9FA401E9F5702_2046991351 Label:CameraActor SpatiallyLoaded:true EditorBounds:IsValid=true, Min=(X=447843.352 Y=102739.351 Z=-42479.537), Max=(X=449863.352 Y=104759.351 Z=-40459.537) RuntimeBounds:IsValid=true, Min=(X=448853.352 Y=103749.351 Z=-41469.537), Max=(X=448853.352 Y=103749.351 Z=-41469.537) RuntimeGrid:None EditorOnly:false RuntimeOnly:false HLODRelevant:false ListedInSceneOutliner:true IsMainWorldOnly:false
 |   |   |- [+] [  5]
 |   |   |   |- Guid:EB93DF1040104753E7A6F1AAC8E2D62B NativeClass:/Script/CesiumRuntime.CesiumCameraManager Name:CesiumCameraManager_UAID_0A0027000003A24D02_1660193329 Label:CesiumCameraManager SpatiallyLoaded:false EditorBounds:IsValid=false, Min=(X=0.000 Y=0.000 Z=0.000), Max=(X=0.000 Y=0.000 Z=0.000) RuntimeBounds:IsValid=false, Min=(X=0.000 Y=0.000 Z=0.000), Max=(X=0.000 Y=0.000 Z=0.000) RuntimeGrid:None EditorOnly:false RuntimeOnly:false HLODRelevant:false ListedInSceneOutliner:true IsMainWorldOnly:false
 |- ContainerInstances:
 |- [+] MainContainer:
 |   |-        ID: 00000000000000000000000000000000
 |   |-  ParentID: 00000000000000000000000000000000
 |   |-    Bounds: IsValid=false, Min=(X=0.000 Y=0.000 Z=0.000), Max=(X=0.000 Y=0.000 Z=0.000)
 |   |- Transform: 0.000000,0.000000,0.000000|0.000000,0.000000,-0.000000|1.000000,1.000000,1.000000
 |   |- Container: /Game/NewMap1
----------------------------------------------------------------------------------------------------------------
NewMap1 - Persistent Level
----------------------------------------------------------------------------------------------------------------
[+] Content of NewMap1 Persistent Level
 |- Always loaded Actor Count: 10 
 |- Actor Path: /Game/NewMap1.NewMap1:PersistentLevel.CameraActor_UAID_04E8B9FA401E9F5702_2046991351
 |- Actor Package: /Game/__ExternalActors__/NewMap1/C/H1/I550ODBW3T1Z0HAJ94OOSO
 |- Actor Path: /Game/NewMap1.NewMap1:PersistentLevel.CameraActor_UAID_04E8B9FA401E9F5702_2127436352
 |- Actor Package: /Game/__ExternalActors__/NewMap1/C/RZ/H91GC4313JMH0C9EMWE3R4
 |- Actor Path: /Game/NewMap1.NewMap1:PersistentLevel.Cesium3DTileset_UAID_0A0027000003A24D02_1660192328
 |- Actor Package: /Game/__ExternalActors__/NewMap1/E/8M/NLKJDFEVMNJQIOVFPOANJD
 |- Actor Path: /Game/NewMap1.NewMap1:PersistentLevel.CesiumCameraManager_UAID_0A0027000003A24D02_1660193329
 |- Actor Package: /Game/__ExternalActors__/NewMap1/3/WU/AKF5H45WLLJQO81E3Z66L2
 |- Actor Path: /Game/NewMap1.NewMap1:PersistentLevel.CesiumCartographicPolygon_UAID_0A0027000003A24D02_1653340325
 |- Actor Package: /Game/__ExternalActors__/NewMap1/C/9U/70NM4S5XXH20XZ1J3HMKNN
 |- Actor Path: /Game/NewMap1.NewMap1:PersistentLevel.CesiumCreditSystemBP_C_UAID_0A0027000003A24D02_1660195330
 |- Actor Package: /Game/__ExternalActors__/NewMap1/B/BU/BBK7NB1PYKPJKDJ08BINQQ
 |- Actor Path: /Game/NewMap1.NewMap1:PersistentLevel.CesiumGeoreference_UAID_0A0027000003A24D02_1653338324
 |- Actor Package: /Game/__ExternalActors__/NewMap1/0/UI/VWTKTPFIWQZSFYTK81ROQT
 |- Actor Path: /Game/NewMap1.NewMap1:PersistentLevel.CesiumSunSky_UAID_0A0027000003A24D02_1657924327
 |- Actor Package: /Game/__ExternalActors__/NewMap1/9/B6/NDZTICX82QXFYWT3BYMIEF
 |- Actor Path: /Game/NewMap1.NewMap1:PersistentLevel.DynamicPawn_C_UAID_0A0027000003A24D02_1655867326
 |- Actor Package: /Game/__ExternalActors__/NewMap1/0/Z3/JTRJUQ4C4UCZ8PPPHC91XS
 |- Actor Path: /Game/NewMap1.NewMap1:PersistentLevel.WorldDataLayers
 |- Actor Package: /Game/__ExternalActors__/NewMap1/3/MS/SVVNXDN8KICCNTO0GFY406

----------------------------------------------------------------------------------------------------------------
NewMap1 - Runtime Hash Set
----------------------------------------------------------------------------------------------------------------

